// Vitest Snapshot v1

exports[`Day 3 > 01 - sum of the priorities of items that appears in both compartments of each rucksack 1`] = `7917`;
