// Vitest Snapshot v1

exports[`should calc max calories 1`] = `72602`;
