// Vitest Snapshot v1

exports[`Day 2 > 01 - total score be if everything goes exactly according to your strategy guide 1`] = `13675`;
